------------------------------------------------------------
TimeQuest Timing Analyzer Summary
------------------------------------------------------------

Type  : Slow 1100mV 85C Model Setup 'clock_27_1'
Slack : -10.668
TNS   : -185.438

Type  : Slow 1100mV 85C Model Setup 'u6|sdram_pll1|sdram_pll_inst|altera_pll_i|general[0].gpll~PLL_OUTPUT_COUNTER|divclk'
Slack : -5.470
TNS   : -435.222

Type  : Slow 1100mV 85C Model Setup 'clock_50_0'
Slack : 15.591
TNS   : 0.000

Type  : Slow 1100mV 85C Model Setup 'u6|sdram_pll1|sdram_pll_inst|altera_pll_i|general[2].gpll~PLL_OUTPUT_COUNTER|divclk'
Slack : 42.069
TNS   : 0.000

Type  : Slow 1100mV 85C Model Hold 'clock_27_1'
Slack : 0.090
TNS   : 0.000

Type  : Slow 1100mV 85C Model Hold 'u6|sdram_pll1|sdram_pll_inst|altera_pll_i|general[0].gpll~PLL_OUTPUT_COUNTER|divclk'
Slack : 0.345
TNS   : 0.000

Type  : Slow 1100mV 85C Model Hold 'clock_50_0'
Slack : 0.376
TNS   : 0.000

Type  : Slow 1100mV 85C Model Hold 'u6|sdram_pll1|sdram_pll_inst|altera_pll_i|general[2].gpll~PLL_OUTPUT_COUNTER|divclk'
Slack : 0.381
TNS   : 0.000

Type  : Slow 1100mV 85C Model Recovery 'u6|sdram_pll1|sdram_pll_inst|altera_pll_i|general[0].gpll~PLL_OUTPUT_COUNTER|divclk'
Slack : -6.400
TNS   : -2454.280

Type  : Slow 1100mV 85C Model Recovery 'u6|sdram_pll1|sdram_pll_inst|altera_pll_i|general[2].gpll~PLL_OUTPUT_COUNTER|divclk'
Slack : -3.014
TNS   : -45.159

Type  : Slow 1100mV 85C Model Recovery 'clock_27_1'
Slack : 5.401
TNS   : 0.000

Type  : Slow 1100mV 85C Model Removal 'clock_27_1'
Slack : 0.434
TNS   : 0.000

Type  : Slow 1100mV 85C Model Removal 'u6|sdram_pll1|sdram_pll_inst|altera_pll_i|general[2].gpll~PLL_OUTPUT_COUNTER|divclk'
Slack : 0.605
TNS   : 0.000

Type  : Slow 1100mV 85C Model Removal 'u6|sdram_pll1|sdram_pll_inst|altera_pll_i|general[0].gpll~PLL_OUTPUT_COUNTER|divclk'
Slack : 2.702
TNS   : 0.000

Type  : Slow 1100mV 85C Model Minimum Pulse Width 'u6|sdram_pll1|sdram_pll_inst|altera_pll_i|general[0].gpll~FRACTIONAL_PLL|vcoph[0]'
Slack : 0.450
TNS   : 0.000

Type  : Slow 1100mV 85C Model Minimum Pulse Width 'u6|sdram_pll1|sdram_pll_inst|altera_pll_i|general[0].gpll~PLL_OUTPUT_COUNTER|divclk'
Slack : 2.831
TNS   : 0.000

Type  : Slow 1100mV 85C Model Minimum Pulse Width 'clock_50_0'
Slack : 8.884
TNS   : 0.000

Type  : Slow 1100mV 85C Model Minimum Pulse Width 'clock_27_1'
Slack : 13.778
TNS   : 0.000

Type  : Slow 1100mV 85C Model Minimum Pulse Width 'u6|sdram_pll1|sdram_pll_inst|altera_pll_i|general[2].gpll~PLL_OUTPUT_COUNTER|divclk'
Slack : 21.353
TNS   : 0.000

Type  : Slow 1100mV 0C Model Setup 'clock_27_1'
Slack : -11.227
TNS   : -195.862

Type  : Slow 1100mV 0C Model Setup 'u6|sdram_pll1|sdram_pll_inst|altera_pll_i|general[0].gpll~PLL_OUTPUT_COUNTER|divclk'
Slack : -5.460
TNS   : -425.722

Type  : Slow 1100mV 0C Model Setup 'clock_50_0'
Slack : 15.445
TNS   : 0.000

Type  : Slow 1100mV 0C Model Setup 'u6|sdram_pll1|sdram_pll_inst|altera_pll_i|general[2].gpll~PLL_OUTPUT_COUNTER|divclk'
Slack : 42.093
TNS   : 0.000

Type  : Slow 1100mV 0C Model Hold 'clock_27_1'
Slack : 0.155
TNS   : 0.000

Type  : Slow 1100mV 0C Model Hold 'u6|sdram_pll1|sdram_pll_inst|altera_pll_i|general[0].gpll~PLL_OUTPUT_COUNTER|divclk'
Slack : 0.317
TNS   : 0.000

Type  : Slow 1100mV 0C Model Hold 'clock_50_0'
Slack : 0.380
TNS   : 0.000

Type  : Slow 1100mV 0C Model Hold 'u6|sdram_pll1|sdram_pll_inst|altera_pll_i|general[2].gpll~PLL_OUTPUT_COUNTER|divclk'
Slack : 0.400
TNS   : 0.000

Type  : Slow 1100mV 0C Model Recovery 'u6|sdram_pll1|sdram_pll_inst|altera_pll_i|general[0].gpll~PLL_OUTPUT_COUNTER|divclk'
Slack : -6.388
TNS   : -2464.087

Type  : Slow 1100mV 0C Model Recovery 'u6|sdram_pll1|sdram_pll_inst|altera_pll_i|general[2].gpll~PLL_OUTPUT_COUNTER|divclk'
Slack : -2.966
TNS   : -44.445

Type  : Slow 1100mV 0C Model Recovery 'clock_27_1'
Slack : 5.411
TNS   : 0.000

Type  : Slow 1100mV 0C Model Removal 'clock_27_1'
Slack : 0.385
TNS   : 0.000

Type  : Slow 1100mV 0C Model Removal 'u6|sdram_pll1|sdram_pll_inst|altera_pll_i|general[2].gpll~PLL_OUTPUT_COUNTER|divclk'
Slack : 0.604
TNS   : 0.000

Type  : Slow 1100mV 0C Model Removal 'u6|sdram_pll1|sdram_pll_inst|altera_pll_i|general[0].gpll~PLL_OUTPUT_COUNTER|divclk'
Slack : 2.720
TNS   : 0.000

Type  : Slow 1100mV 0C Model Minimum Pulse Width 'u6|sdram_pll1|sdram_pll_inst|altera_pll_i|general[0].gpll~FRACTIONAL_PLL|vcoph[0]'
Slack : 0.450
TNS   : 0.000

Type  : Slow 1100mV 0C Model Minimum Pulse Width 'u6|sdram_pll1|sdram_pll_inst|altera_pll_i|general[0].gpll~PLL_OUTPUT_COUNTER|divclk'
Slack : 2.802
TNS   : 0.000

Type  : Slow 1100mV 0C Model Minimum Pulse Width 'clock_50_0'
Slack : 8.862
TNS   : 0.000

Type  : Slow 1100mV 0C Model Minimum Pulse Width 'clock_27_1'
Slack : 13.734
TNS   : 0.000

Type  : Slow 1100mV 0C Model Minimum Pulse Width 'u6|sdram_pll1|sdram_pll_inst|altera_pll_i|general[2].gpll~PLL_OUTPUT_COUNTER|divclk'
Slack : 21.295
TNS   : 0.000

Type  : Fast 1100mV 85C Model Setup 'u6|sdram_pll1|sdram_pll_inst|altera_pll_i|general[0].gpll~PLL_OUTPUT_COUNTER|divclk'
Slack : -3.273
TNS   : -260.847

Type  : Fast 1100mV 85C Model Setup 'clock_27_1'
Slack : 1.100
TNS   : 0.000

Type  : Fast 1100mV 85C Model Setup 'clock_50_0'
Slack : 17.241
TNS   : 0.000

Type  : Fast 1100mV 85C Model Setup 'u6|sdram_pll1|sdram_pll_inst|altera_pll_i|general[2].gpll~PLL_OUTPUT_COUNTER|divclk'
Slack : 42.946
TNS   : 0.000

Type  : Fast 1100mV 85C Model Hold 'clock_27_1'
Slack : 0.121
TNS   : 0.000

Type  : Fast 1100mV 85C Model Hold 'u6|sdram_pll1|sdram_pll_inst|altera_pll_i|general[0].gpll~PLL_OUTPUT_COUNTER|divclk'
Slack : 0.179
TNS   : 0.000

Type  : Fast 1100mV 85C Model Hold 'u6|sdram_pll1|sdram_pll_inst|altera_pll_i|general[2].gpll~PLL_OUTPUT_COUNTER|divclk'
Slack : 0.182
TNS   : 0.000

Type  : Fast 1100mV 85C Model Hold 'clock_50_0'
Slack : 0.183
TNS   : 0.000

Type  : Fast 1100mV 85C Model Recovery 'u6|sdram_pll1|sdram_pll_inst|altera_pll_i|general[0].gpll~PLL_OUTPUT_COUNTER|divclk'
Slack : -3.761
TNS   : -1433.584

Type  : Fast 1100mV 85C Model Recovery 'u6|sdram_pll1|sdram_pll_inst|altera_pll_i|general[2].gpll~PLL_OUTPUT_COUNTER|divclk'
Slack : -1.818
TNS   : -27.253

Type  : Fast 1100mV 85C Model Recovery 'clock_27_1'
Slack : 7.308
TNS   : 0.000

Type  : Fast 1100mV 85C Model Removal 'clock_27_1'
Slack : 0.122
TNS   : 0.000

Type  : Fast 1100mV 85C Model Removal 'u6|sdram_pll1|sdram_pll_inst|altera_pll_i|general[2].gpll~PLL_OUTPUT_COUNTER|divclk'
Slack : 0.348
TNS   : 0.000

Type  : Fast 1100mV 85C Model Removal 'u6|sdram_pll1|sdram_pll_inst|altera_pll_i|general[0].gpll~PLL_OUTPUT_COUNTER|divclk'
Slack : 1.557
TNS   : 0.000

Type  : Fast 1100mV 85C Model Minimum Pulse Width 'u6|sdram_pll1|sdram_pll_inst|altera_pll_i|general[0].gpll~FRACTIONAL_PLL|vcoph[0]'
Slack : 0.450
TNS   : 0.000

Type  : Fast 1100mV 85C Model Minimum Pulse Width 'u6|sdram_pll1|sdram_pll_inst|altera_pll_i|general[0].gpll~PLL_OUTPUT_COUNTER|divclk'
Slack : 2.936
TNS   : 0.000

Type  : Fast 1100mV 85C Model Minimum Pulse Width 'clock_50_0'
Slack : 8.828
TNS   : 0.000

Type  : Fast 1100mV 85C Model Minimum Pulse Width 'clock_27_1'
Slack : 13.467
TNS   : 0.000

Type  : Fast 1100mV 85C Model Minimum Pulse Width 'u6|sdram_pll1|sdram_pll_inst|altera_pll_i|general[2].gpll~PLL_OUTPUT_COUNTER|divclk'
Slack : 21.597
TNS   : 0.000

Type  : Fast 1100mV 0C Model Setup 'u6|sdram_pll1|sdram_pll_inst|altera_pll_i|general[0].gpll~PLL_OUTPUT_COUNTER|divclk'
Slack : -3.116
TNS   : -246.394

Type  : Fast 1100mV 0C Model Setup 'clock_27_1'
Slack : 2.097
TNS   : 0.000

Type  : Fast 1100mV 0C Model Setup 'clock_50_0'
Slack : 17.385
TNS   : 0.000

Type  : Fast 1100mV 0C Model Setup 'u6|sdram_pll1|sdram_pll_inst|altera_pll_i|general[2].gpll~PLL_OUTPUT_COUNTER|divclk'
Slack : 43.014
TNS   : 0.000

Type  : Fast 1100mV 0C Model Hold 'clock_27_1'
Slack : 0.123
TNS   : 0.000

Type  : Fast 1100mV 0C Model Hold 'u6|sdram_pll1|sdram_pll_inst|altera_pll_i|general[0].gpll~PLL_OUTPUT_COUNTER|divclk'
Slack : 0.161
TNS   : 0.000

Type  : Fast 1100mV 0C Model Hold 'clock_50_0'
Slack : 0.171
TNS   : 0.000

Type  : Fast 1100mV 0C Model Hold 'u6|sdram_pll1|sdram_pll_inst|altera_pll_i|general[2].gpll~PLL_OUTPUT_COUNTER|divclk'
Slack : 0.175
TNS   : 0.000

Type  : Fast 1100mV 0C Model Recovery 'u6|sdram_pll1|sdram_pll_inst|altera_pll_i|general[0].gpll~PLL_OUTPUT_COUNTER|divclk'
Slack : -3.675
TNS   : -1406.936

Type  : Fast 1100mV 0C Model Recovery 'u6|sdram_pll1|sdram_pll_inst|altera_pll_i|general[2].gpll~PLL_OUTPUT_COUNTER|divclk'
Slack : -1.766
TNS   : -26.470

Type  : Fast 1100mV 0C Model Recovery 'clock_27_1'
Slack : 7.377
TNS   : 0.000

Type  : Fast 1100mV 0C Model Removal 'clock_27_1'
Slack : 0.070
TNS   : 0.000

Type  : Fast 1100mV 0C Model Removal 'u6|sdram_pll1|sdram_pll_inst|altera_pll_i|general[2].gpll~PLL_OUTPUT_COUNTER|divclk'
Slack : 0.331
TNS   : 0.000

Type  : Fast 1100mV 0C Model Removal 'u6|sdram_pll1|sdram_pll_inst|altera_pll_i|general[0].gpll~PLL_OUTPUT_COUNTER|divclk'
Slack : 1.507
TNS   : 0.000

Type  : Fast 1100mV 0C Model Minimum Pulse Width 'u6|sdram_pll1|sdram_pll_inst|altera_pll_i|general[0].gpll~FRACTIONAL_PLL|vcoph[0]'
Slack : 0.450
TNS   : 0.000

Type  : Fast 1100mV 0C Model Minimum Pulse Width 'u6|sdram_pll1|sdram_pll_inst|altera_pll_i|general[0].gpll~PLL_OUTPUT_COUNTER|divclk'
Slack : 2.936
TNS   : 0.000

Type  : Fast 1100mV 0C Model Minimum Pulse Width 'clock_50_0'
Slack : 8.786
TNS   : 0.000

Type  : Fast 1100mV 0C Model Minimum Pulse Width 'clock_27_1'
Slack : 13.422
TNS   : 0.000

Type  : Fast 1100mV 0C Model Minimum Pulse Width 'u6|sdram_pll1|sdram_pll_inst|altera_pll_i|general[2].gpll~PLL_OUTPUT_COUNTER|divclk'
Slack : 21.588
TNS   : 0.000

------------------------------------------------------------
